[2025-12-16T15:53:01.132+0000] {local_task_job_runner.py:123} INFO - ::group::Pre task execution logs
[2025-12-16T15:53:01.165+0000] {taskinstance.py:2612} INFO - Dependencies all met for dep_context=non-requeueable deps ti=<TaskInstance: etl_synthetic_events.load_data manual__2025-12-16T15:52:36+00:00 [queued]>
[2025-12-16T15:53:01.181+0000] {taskinstance.py:2612} INFO - Dependencies all met for dep_context=requeueable deps ti=<TaskInstance: etl_synthetic_events.load_data manual__2025-12-16T15:52:36+00:00 [queued]>
[2025-12-16T15:53:01.182+0000] {taskinstance.py:2865} INFO - Starting attempt 1 of 1
[2025-12-16T15:53:01.205+0000] {taskinstance.py:2888} INFO - Executing <Task(PythonOperator): load_data> on 2025-12-16 15:52:36+00:00
[2025-12-16T15:53:01.228+0000] {logging_mixin.py:190} WARNING - /home/***/.local/lib/python3.12/site-packages/***/task/task_runner/standard_task_runner.py:70 DeprecationWarning: This process (pid=1078) is multi-threaded, use of fork() may lead to deadlocks in the child.
[2025-12-16T15:53:01.232+0000] {standard_task_runner.py:72} INFO - Started process 1080 to run task
[2025-12-16T15:53:01.229+0000] {standard_task_runner.py:104} INFO - Running: ['***', 'tasks', 'run', 'etl_synthetic_events', 'load_data', 'manual__2025-12-16T15:52:36+00:00', '--job-id', '46', '--raw', '--subdir', 'DAGS_FOLDER/etl_***_dag.py', '--cfg-path', '/tmp/tmpc7tkla89']
[2025-12-16T15:53:01.233+0000] {standard_task_runner.py:105} INFO - Job 46: Subtask load_data
[2025-12-16T15:53:01.261+0000] {logging_mixin.py:190} WARNING - /home/***/.local/lib/python3.12/site-packages/***/settings.py:209 DeprecationWarning: The sql_alchemy_conn option in [core] has been moved to the sql_alchemy_conn option in [database] - the old setting has been used, but please update your config.
[2025-12-16T15:53:01.346+0000] {task_command.py:467} INFO - Running <TaskInstance: etl_synthetic_events.load_data manual__2025-12-16T15:52:36+00:00 [running]> on host 9323c418e2a6
[2025-12-16T15:53:01.510+0000] {taskinstance.py:3131} INFO - Exporting env vars: AIRFLOW_CTX_DAG_OWNER='***' AIRFLOW_CTX_DAG_ID='etl_synthetic_events' AIRFLOW_CTX_TASK_ID='load_data' AIRFLOW_CTX_EXECUTION_DATE='2025-12-16T15:52:36+00:00' AIRFLOW_CTX_TRY_NUMBER='1' AIRFLOW_CTX_DAG_RUN_ID='manual__2025-12-16T15:52:36+00:00'
[2025-12-16T15:53:01.512+0000] {taskinstance.py:731} INFO - ::endgroup::
[2025-12-16T15:53:03.562+0000] {logging_mixin.py:190} WARNING - /opt/***/dags/etl_***_dag.py:90 FutureWarning: Passing literal json to 'read_json' is deprecated and will be removed in a future version. To read from a literal string, wrap it in a 'StringIO' object.
[2025-12-16T15:53:08.837+0000] {python.py:240} INFO - Done. Returned value was: None
[2025-12-16T15:53:08.864+0000] {taskinstance.py:340} INFO - ::group::Post task execution logs
[2025-12-16T15:53:08.866+0000] {taskinstance.py:352} INFO - Marking task as SUCCESS. dag_id=etl_synthetic_events, task_id=load_data, run_id=manual__2025-12-16T15:52:36+00:00, execution_date=20251216T155236, start_date=20251216T155301, end_date=20251216T155308
[2025-12-16T15:53:08.959+0000] {local_task_job_runner.py:266} INFO - Task exited with return code 0
[2025-12-16T15:53:08.990+0000] {taskinstance.py:3900} INFO - 0 downstream tasks scheduled from follow-on schedule check
[2025-12-16T15:53:08.994+0000] {local_task_job_runner.py:245} INFO - ::endgroup::
