[2025-12-16T16:23:51.966+0000] {local_task_job_runner.py:123} INFO - ::group::Pre task execution logs
[2025-12-16T16:23:51.996+0000] {taskinstance.py:2612} INFO - Dependencies all met for dep_context=non-requeueable deps ti=<TaskInstance: etl_synthetic_events.load_data manual__2025-12-16T16:23:27+00:00 [queued]>
[2025-12-16T16:23:52.012+0000] {taskinstance.py:2612} INFO - Dependencies all met for dep_context=requeueable deps ti=<TaskInstance: etl_synthetic_events.load_data manual__2025-12-16T16:23:27+00:00 [queued]>
[2025-12-16T16:23:52.014+0000] {taskinstance.py:2865} INFO - Starting attempt 1 of 1
[2025-12-16T16:23:52.039+0000] {taskinstance.py:2888} INFO - Executing <Task(PythonOperator): load_data> on 2025-12-16 16:23:27+00:00
[2025-12-16T16:23:52.059+0000] {logging_mixin.py:190} WARNING - /home/***/.local/lib/python3.12/site-packages/***/task/task_runner/standard_task_runner.py:70 DeprecationWarning: This process (pid=1454) is multi-threaded, use of fork() may lead to deadlocks in the child.
[2025-12-16T16:23:52.065+0000] {standard_task_runner.py:72} INFO - Started process 1456 to run task
[2025-12-16T16:23:52.060+0000] {standard_task_runner.py:104} INFO - Running: ['***', 'tasks', 'run', 'etl_synthetic_events', 'load_data', 'manual__2025-12-16T16:23:27+00:00', '--job-id', '49', '--raw', '--subdir', 'DAGS_FOLDER/etl_***_dag.py', '--cfg-path', '/tmp/tmp72ssgn5j']
[2025-12-16T16:23:52.068+0000] {standard_task_runner.py:105} INFO - Job 49: Subtask load_data
[2025-12-16T16:23:52.098+0000] {logging_mixin.py:190} WARNING - /home/***/.local/lib/python3.12/site-packages/***/settings.py:209 DeprecationWarning: The sql_alchemy_conn option in [core] has been moved to the sql_alchemy_conn option in [database] - the old setting has been used, but please update your config.
[2025-12-16T16:23:52.189+0000] {task_command.py:467} INFO - Running <TaskInstance: etl_synthetic_events.load_data manual__2025-12-16T16:23:27+00:00 [running]> on host 9323c418e2a6
[2025-12-16T16:23:52.364+0000] {taskinstance.py:3131} INFO - Exporting env vars: AIRFLOW_CTX_DAG_OWNER='***' AIRFLOW_CTX_DAG_ID='etl_synthetic_events' AIRFLOW_CTX_TASK_ID='load_data' AIRFLOW_CTX_EXECUTION_DATE='2025-12-16T16:23:27+00:00' AIRFLOW_CTX_TRY_NUMBER='1' AIRFLOW_CTX_DAG_RUN_ID='manual__2025-12-16T16:23:27+00:00'
[2025-12-16T16:23:52.367+0000] {taskinstance.py:731} INFO - ::endgroup::
[2025-12-16T16:23:54.640+0000] {logging_mixin.py:190} WARNING - /opt/***/dags/etl_***_dag.py:90 FutureWarning: Passing literal json to 'read_json' is deprecated and will be removed in a future version. To read from a literal string, wrap it in a 'StringIO' object.
[2025-12-16T16:23:58.947+0000] {python.py:240} INFO - Done. Returned value was: None
[2025-12-16T16:23:58.967+0000] {taskinstance.py:340} INFO - ::group::Post task execution logs
[2025-12-16T16:23:58.969+0000] {taskinstance.py:352} INFO - Marking task as SUCCESS. dag_id=etl_synthetic_events, task_id=load_data, run_id=manual__2025-12-16T16:23:27+00:00, execution_date=20251216T162327, start_date=20251216T162351, end_date=20251216T162358
[2025-12-16T16:23:59.082+0000] {local_task_job_runner.py:266} INFO - Task exited with return code 0
[2025-12-16T16:23:59.115+0000] {taskinstance.py:3900} INFO - 0 downstream tasks scheduled from follow-on schedule check
[2025-12-16T16:23:59.126+0000] {local_task_job_runner.py:245} INFO - ::endgroup::
